
Qt Charts Types:
  Area Chart ............................. yes
  Line Chart ............................. yes
  Spline Chart ........................... yes
  Scatter Chart .......................... yes
  Bar Chart .............................. yes
  Pie Chart .............................. yes
  Boxplot Chart .......................... yes
  Candlestick Chart ...................... yes
Qt Axis Types:
  DateTime Axis .......................... yes
SBOM:
  Generate SBOM .......................... yes
  Generate SPDX v2.3 ..................... yes
  Generate SPDX v2.3 JSON ................ yes
  Verify   SPDX v2.3 JSON ................ yes
  Generate CycloneDX v1.6 ................ yes
  Verify   CycloneDX v1.6 ................ yes
  SBOM Python interpreter ................ /usr/bin/python3.9 (version 3.9.25)
  sbom2doc path .......................... /usr/local/bin/sbom2doc
  sbomaudit path ......................... /usr/local/bin/sbomaudit
  Generate source SPDX SBOM .............. yes
  Verify   source SPDX SBOM .............. yes
  reuse path ............................. /usr/local/bin/reuse
